This is pdfTeX, Version 3.141592653-2.6-1.40.27 (MiKTeX 25.4) (preloaded format=pdflatex 2025.5.16)  16 MAY 2025 15:28
entering extended mode
 restricted \write18 enabled.
 %&-line parsing enabled.
**./report_2019_2024.tex
(report_2019_2024.tex
LaTeX2e <2024-11-01> patch level 2
L3 programming layer <2025-04-14>
(C:\Users\seek1477\AppData\Local\Programs\MiKTeX\tex/latex/base\article.cls
Document Class: article 2024/06/29 v1.4n Standard LaTeX document class
(C:\Users\seek1477\AppData\Local\Programs\MiKTeX\tex/latex/base\size10.clo
File: size10.clo 2024/06/29 v1.4n Standard LaTeX file (size option)
)
\c@part=\count272
\c@section=\count273
\c@subsection=\count274
\c@subsubsection=\count275
\c@paragraph=\count276
\c@subparagraph=\count277
\c@figure=\count278
\c@table=\count279
\abovecaptionskip=\skip49
\belowcaptionskip=\skip50
\bibindent=\dimen146
) (C:\Users\seek1477\AppData\Local\Programs\MiKTeX\tex/latex/amsmath\amsmath.st
y
Package: amsmath 2024/11/05 v2.17t AMS math features
\@mathmargin=\skip51
For additional information on amsmath, use the `?' option.
(C:\Users\seek1477\AppData\Local\Programs\MiKTeX\tex/latex/amsmath\amstext.sty
Package: amstext 2021/08/26 v2.01 AMS text
(C:\Users\seek1477\AppData\Local\Programs\MiKTeX\tex/latex/amsmath\amsgen.sty
File: amsgen.sty 1999/11/30 v2.0 generic functions
\@emptytoks=\toks17
\ex@=\dimen147
)) (C:\Users\seek1477\AppData\Local\Programs\MiKTeX\tex/latex/amsmath\amsbsy.st
y
Package: amsbsy 1999/11/29 v1.2d Bold Symbols
\pmbraise@=\dimen148
) (C:\Users\seek1477\AppData\Local\Programs\MiKTeX\tex/latex/amsmath\amsopn.sty
Package: amsopn 2022/04/08 v2.04 operator names
)
\inf@bad=\count280
LaTeX Info: Redefining \frac on input line 233.
\uproot@=\count281
\leftroot@=\count282
LaTeX Info: Redefining \overline on input line 398.
LaTeX Info: Redefining \colon on input line 409.
\classnum@=\count283
\DOTSCASE@=\count284
LaTeX Info: Redefining \ldots on input line 495.
LaTeX Info: Redefining \dots on input line 498.
LaTeX Info: Redefining \cdots on input line 619.
\Mathstrutbox@=\box53
\strutbox@=\box54
LaTeX Info: Redefining \big on input line 721.
LaTeX Info: Redefining \Big on input line 722.
LaTeX Info: Redefining \bigg on input line 723.
LaTeX Info: Redefining \Bigg on input line 724.
\big@size=\dimen149
LaTeX Font Info:    Redeclaring font encoding OML on input line 742.
LaTeX Font Info:    Redeclaring font encoding OMS on input line 743.
\macc@depth=\count285
LaTeX Info: Redefining \bmod on input line 904.
LaTeX Info: Redefining \pmod on input line 909.
LaTeX Info: Redefining \smash on input line 939.
LaTeX Info: Redefining \relbar on input line 969.
LaTeX Info: Redefining \Relbar on input line 970.
\c@MaxMatrixCols=\count286
\dotsspace@=\muskip17
\c@parentequation=\count287
\dspbrk@lvl=\count288
\tag@help=\toks18
\row@=\count289
\column@=\count290
\maxfields@=\count291
\andhelp@=\toks19
\eqnshift@=\dimen150
\alignsep@=\dimen151
\tagshift@=\dimen152
\tagwidth@=\dimen153
\totwidth@=\dimen154
\lineht@=\dimen155
\@envbody=\toks20
\multlinegap=\skip52
\multlinetaggap=\skip53
\mathdisplay@stack=\toks21
LaTeX Info: Redefining \[ on input line 2953.
LaTeX Info: Redefining \] on input line 2954.
)
(C:\Users\seek1477\AppData\Local\Programs\MiKTeX\tex/latex/amsfonts\amssymb.sty
Package: amssymb 2013/01/14 v3.01 AMS font symbols

(C:\Users\seek1477\AppData\Local\Programs\MiKTeX\tex/latex/amsfonts\amsfonts.st
y
Package: amsfonts 2013/01/14 v3.01 Basic AMSFonts support
\symAMSa=\mathgroup4
\symAMSb=\mathgroup5
LaTeX Font Info:    Redeclaring math symbol \hbar on input line 98.
LaTeX Font Info:    Overwriting math alphabet `\mathfrak' in version `bold'
(Font)                  U/euf/m/n --> U/euf/b/n on input line 106.
)) (C:\Users\seek1477\AppData\Local\Programs\MiKTeX\tex/generic/iftex\iftex.sty
Package: iftex 2024/12/12 v1.0g TeX engine tests
) (C:\Users\seek1477\AppData\Local\Programs\MiKTeX\tex/latex/base\fontenc.sty
Package: fontenc 2021/04/29 v2.0v Standard LaTeX package
) (C:\Users\seek1477\AppData\Local\Programs\MiKTeX\tex/latex/base\inputenc.sty
Package: inputenc 2024/02/08 v1.3d Input encoding file
\inpenc@prehook=\toks22
\inpenc@posthook=\toks23
) (C:\Users\seek1477\AppData\Local\Programs\MiKTeX\tex/latex/base\textcomp.sty
Package: textcomp 2024/04/24 v2.1b Standard LaTeX package
) (C:\Users\seek1477\AppData\Local\Programs\MiKTeX\tex/latex/lm\lmodern.sty
Package: lmodern 2015/05/01 v1.6.1 Latin Modern Fonts
LaTeX Font Info:    Overwriting symbol font `operators' in version `normal'
(Font)                  OT1/cmr/m/n --> OT1/lmr/m/n on input line 22.
LaTeX Font Info:    Overwriting symbol font `letters' in version `normal'
(Font)                  OML/cmm/m/it --> OML/lmm/m/it on input line 23.
LaTeX Font Info:    Overwriting symbol font `symbols' in version `normal'
(Font)                  OMS/cmsy/m/n --> OMS/lmsy/m/n on input line 24.
LaTeX Font Info:    Overwriting symbol font `largesymbols' in version `normal'
(Font)                  OMX/cmex/m/n --> OMX/lmex/m/n on input line 25.
LaTeX Font Info:    Overwriting symbol font `operators' in version `bold'
(Font)                  OT1/cmr/bx/n --> OT1/lmr/bx/n on input line 26.
LaTeX Font Info:    Overwriting symbol font `letters' in version `bold'
(Font)                  OML/cmm/b/it --> OML/lmm/b/it on input line 27.
LaTeX Font Info:    Overwriting symbol font `symbols' in version `bold'
(Font)                  OMS/cmsy/b/n --> OMS/lmsy/b/n on input line 28.
LaTeX Font Info:    Overwriting symbol font `largesymbols' in version `bold'
(Font)                  OMX/cmex/m/n --> OMX/lmex/m/n on input line 29.
LaTeX Font Info:    Overwriting math alphabet `\mathbf' in version `normal'
(Font)                  OT1/cmr/bx/n --> OT1/lmr/bx/n on input line 31.
LaTeX Font Info:    Overwriting math alphabet `\mathsf' in version `normal'
(Font)                  OT1/cmss/m/n --> OT1/lmss/m/n on input line 32.
LaTeX Font Info:    Overwriting math alphabet `\mathit' in version `normal'
(Font)                  OT1/cmr/m/it --> OT1/lmr/m/it on input line 33.
LaTeX Font Info:    Overwriting math alphabet `\mathtt' in version `normal'
(Font)                  OT1/cmtt/m/n --> OT1/lmtt/m/n on input line 34.
LaTeX Font Info:    Overwriting math alphabet `\mathbf' in version `bold'
(Font)                  OT1/cmr/bx/n --> OT1/lmr/bx/n on input line 35.
LaTeX Font Info:    Overwriting math alphabet `\mathsf' in version `bold'
(Font)                  OT1/cmss/bx/n --> OT1/lmss/bx/n on input line 36.
LaTeX Font Info:    Overwriting math alphabet `\mathit' in version `bold'
(Font)                  OT1/cmr/bx/it --> OT1/lmr/bx/it on input line 37.
LaTeX Font Info:    Overwriting math alphabet `\mathtt' in version `bold'
(Font)                  OT1/cmtt/m/n --> OT1/lmtt/m/n on input line 38.
) (C:\Users\seek1477\AppData\Local\Programs\MiKTeX\tex/latex/upquote\upquote.st
y
Package: upquote 2012/04/19 v1.3 upright-quote and grave-accent glyphs in verba
tim
)
(C:\Users\seek1477\AppData\Local\Programs\MiKTeX\tex/latex/microtype\microtype.
sty
Package: microtype 2025/02/11 v3.2a Micro-typographical refinements (RS)
(C:\Users\seek1477\AppData\Local\Programs\MiKTeX\tex/latex/graphics\keyval.sty
Package: keyval 2022/05/29 v1.15 key=value parser (DPC)
\KV@toks@=\toks24
)
(C:\Users\seek1477\AppData\Local\Programs\MiKTeX\tex/latex/etoolbox\etoolbox.st
y
Package: etoolbox 2025/02/11 v2.5l e-TeX tools for LaTeX (JAW)
\etb@tempcnta=\count292
)
\MT@toks=\toks25
\MT@tempbox=\box55
\MT@count=\count293
LaTeX Info: Redefining \noprotrusionifhmode on input line 1087.
LaTeX Info: Redefining \leftprotrusion on input line 1088.
\MT@prot@toks=\toks26
LaTeX Info: Redefining \rightprotrusion on input line 1107.
LaTeX Info: Redefining \textls on input line 1449.
\MT@outer@kern=\dimen156
LaTeX Info: Redefining \microtypecontext on input line 2053.
LaTeX Info: Redefining \textmicrotypecontext on input line 2070.
\MT@listname@count=\count294

(C:\Users\seek1477\AppData\Local\Programs\MiKTeX\tex/latex/microtype\microtype-
pdftex.def
File: microtype-pdftex.def 2025/02/11 v3.2a Definitions specific to pdftex (RS)

LaTeX Info: Redefining \lsstyle on input line 944.
LaTeX Info: Redefining \lslig on input line 944.
\MT@outer@space=\skip54
)
Package microtype Info: Loading configuration file microtype.cfg.

(C:\Users\seek1477\AppData\Local\Programs\MiKTeX\tex/latex/microtype\microtype.
cfg
File: microtype.cfg 2025/02/11 v3.2a microtype main configuration file (RS)
)
LaTeX Info: Redefining \microtypesetup on input line 3065.
) (C:\Users\seek1477\AppData\Local\Programs\MiKTeX\tex/latex/parskip\parskip.st
y
Package: parskip 2021-03-14 v2.0h non-zero parskip adjustments

(C:\Users\seek1477\AppData\Local\Programs\MiKTeX\tex/latex/kvoptions\kvoptions.
sty
Package: kvoptions 2022-06-15 v3.15 Key value format for package options (HO)

(C:\Users\seek1477\AppData\Local\Programs\MiKTeX\tex/generic/ltxcmds\ltxcmds.st
y
Package: ltxcmds 2023-12-04 v1.26 LaTeX kernel commands for general use (HO)
)
(C:\Users\seek1477\AppData\Local\Programs\MiKTeX\tex/latex/kvsetkeys\kvsetkeys.
sty
Package: kvsetkeys 2022-10-05 v1.19 Key value parser (HO)
))) (C:\Users\seek1477\AppData\Local\Programs\MiKTeX\tex/latex/xcolor\xcolor.st
y
Package: xcolor 2024/09/29 v3.02 LaTeX color extensions (UK)

(C:\Users\seek1477\AppData\Local\Programs\MiKTeX\tex/latex/graphics-cfg\color.c
fg
File: color.cfg 2016/01/02 v1.6 sample color configuration
)
Package xcolor Info: Driver file: pdftex.def on input line 274.

(C:\Users\seek1477\AppData\Local\Programs\MiKTeX\tex/latex/graphics-def\pdftex.
def
File: pdftex.def 2024/04/13 v1.2c Graphics/color driver for pdftex
)
(C:\Users\seek1477\AppData\Local\Programs\MiKTeX\tex/latex/graphics\mathcolor.l
tx)
Package xcolor Info: Model `cmy' substituted by `cmy0' on input line 1349.
Package xcolor Info: Model `hsb' substituted by `rgb' on input line 1353.
Package xcolor Info: Model `RGB' extended on input line 1365.
Package xcolor Info: Model `HTML' substituted by `rgb' on input line 1367.
Package xcolor Info: Model `Hsb' substituted by `hsb' on input line 1368.
Package xcolor Info: Model `tHsb' substituted by `hsb' on input line 1369.
Package xcolor Info: Model `HSB' substituted by `hsb' on input line 1370.
Package xcolor Info: Model `Gray' substituted by `gray' on input line 1371.
Package xcolor Info: Model `wave' substituted by `hsb' on input line 1372.
)
(C:\Users\seek1477\AppData\Local\Programs\MiKTeX\tex/latex/geometry\geometry.st
y
Package: geometry 2020/01/02 v5.9 Page Geometry
(C:\Users\seek1477\AppData\Local\Programs\MiKTeX\tex/generic/iftex\ifvtex.sty
Package: ifvtex 2019/10/25 v1.7 ifvtex legacy package. Use iftex instead.
)
\Gm@cnth=\count295
\Gm@cntv=\count296
\c@Gm@tempcnt=\count297
\Gm@bindingoffset=\dimen157
\Gm@wd@mp=\dimen158
\Gm@odd@mp=\dimen159
\Gm@even@mp=\dimen160
\Gm@layoutwidth=\dimen161
\Gm@layoutheight=\dimen162
\Gm@layouthoffset=\dimen163
\Gm@layoutvoffset=\dimen164
\Gm@dimlist=\toks27

(C:\Users\seek1477\AppData\Local\Programs\MiKTeX\tex/latex/geometry\geometry.cf
g)) (C:\Users\seek1477\AppData\Local\Programs\MiKTeX\tex/latex/tools\longtable.
sty
Package: longtable 2024-10-27 v4.22 Multi-page Table package (DPC)
\LTleft=\skip55
\LTright=\skip56
\LTpre=\skip57
\LTpost=\skip58
\LTchunksize=\count298
\LTcapwidth=\dimen165
\LT@head=\box56
\LT@firsthead=\box57
\LT@foot=\box58
\LT@lastfoot=\box59
\LT@gbox=\box60
\LT@cols=\count299
\LT@rows=\count300
\c@LT@tables=\count301
\c@LT@chunks=\count302
\LT@p@ftn=\toks28
)
(C:\Users\seek1477\AppData\Local\Programs\MiKTeX\tex/latex/booktabs\booktabs.st
y
Package: booktabs 2020/01/12 v1.61803398 Publication quality tables
\heavyrulewidth=\dimen166
\lightrulewidth=\dimen167
\cmidrulewidth=\dimen168
\belowrulesep=\dimen169
\belowbottomsep=\dimen170
\aboverulesep=\dimen171
\abovetopsep=\dimen172
\cmidrulesep=\dimen173
\cmidrulekern=\dimen174
\defaultaddspace=\dimen175
\@cmidla=\count303
\@cmidlb=\count304
\@aboverulesep=\dimen176
\@belowrulesep=\dimen177
\@thisruleclass=\count305
\@lastruleclass=\count306
\@thisrulewidth=\dimen178
) (C:\Users\seek1477\AppData\Local\Programs\MiKTeX\tex/latex/tools\array.sty
Package: array 2024/10/17 v2.6g Tabular extension package (FMi)
\col@sep=\dimen179
\ar@mcellbox=\box61
\extrarowheight=\dimen180
\NC@list=\toks29
\extratabsurround=\skip59
\backup@length=\skip60
\ar@cellbox=\box62
) (C:\Users\seek1477\AppData\Local\Programs\MiKTeX\tex/latex/tools\calc.sty
Package: calc 2023/07/08 v4.3 Infix arithmetic (KKT,FJ)
\calc@Acount=\count307
\calc@Bcount=\count308
\calc@Adimen=\dimen181
\calc@Bdimen=\dimen182
\calc@Askip=\skip61
\calc@Bskip=\skip62
LaTeX Info: Redefining \setlength on input line 80.
LaTeX Info: Redefining \addtolength on input line 81.
\calc@Ccount=\count309
\calc@Cskip=\skip63
)
(C:\Users\seek1477\AppData\Local\Programs\MiKTeX\tex/latex/footnotehyper\footno
tehyper.sty
Package: footnotehyper 2021/08/13 v1.1e hyperref aware footnote.sty (JFB)
\FNH@notes=\box63
\FNH@width=\dimen183
\FNH@toks=\toks30
)
(C:\Users\seek1477\AppData\Local\Programs\MiKTeX\tex/latex/graphics\graphicx.st
y
Package: graphicx 2021/09/16 v1.2d Enhanced LaTeX Graphics (DPC,SPQR)

(C:\Users\seek1477\AppData\Local\Programs\MiKTeX\tex/latex/graphics\graphics.st
y
Package: graphics 2024/08/06 v1.4g Standard LaTeX Graphics (DPC,SPQR)
(C:\Users\seek1477\AppData\Local\Programs\MiKTeX\tex/latex/graphics\trig.sty
Package: trig 2023/12/02 v1.11 sin cos tan (DPC)
)
(C:\Users\seek1477\AppData\Local\Programs\MiKTeX\tex/latex/graphics-cfg\graphic
s.cfg
File: graphics.cfg 2016/06/04 v1.11 sample graphics configuration
)
Package graphics Info: Driver file: pdftex.def on input line 106.
)
\Gin@req@height=\dimen184
\Gin@req@width=\dimen185
)
\cslhangindent=\skip64
\csllabelwidth=\skip65

(C:\Users\seek1477\AppData\Local\Programs\MiKTeX\tex/latex/fancyhdr\fancyhdr.st
y
Package: fancyhdr 2025/02/07 v5.2 Extensive control of page headers and footers

\f@nch@headwidth=\skip66
\f@nch@offset@elh=\skip67
\f@nch@offset@erh=\skip68
\f@nch@offset@olh=\skip69
\f@nch@offset@orh=\skip70
\f@nch@offset@elf=\skip71
\f@nch@offset@erf=\skip72
\f@nch@offset@olf=\skip73
\f@nch@offset@orf=\skip74
\f@nch@height=\skip75
\f@nch@footalignment=\skip76
\f@nch@widthL=\skip77
\f@nch@widthC=\skip78
\f@nch@widthR=\skip79
\@temptokenb=\toks31
) (C:\Users\seek1477\AppData\Local\Programs\MiKTeX\tex/latex/float\float.sty
Package: float 2001/11/08 v1.3d Float enhancements (AL)
\c@float@type=\count310
\float@exts=\toks32
\float@box=\box64
\@float@everytoks=\toks33
\@floatcapt=\box65
)
(C:\Users\seek1477\AppData\Local\Programs\MiKTeX\tex/latex/placeins\placeins.st
y
Package: placeins 2005/04/18  v 2.2
)
(C:\Users\seek1477\AppData\Local\Programs\MiKTeX\tex/latex/multirow\multirow.st
y
Package: multirow 2024/11/12 v2.9 Span multiple rows of a table
\multirow@colwidth=\skip80
\multirow@cntb=\count311
\multirow@dima=\skip81
\bigstrutjot=\dimen186
) (C:\Users\seek1477\AppData\Local\Programs\MiKTeX\tex/latex/wrapfig\wrapfig.st
y
\wrapoverhang=\dimen187
\WF@size=\dimen188
\c@WF@wrappedlines=\count312
\WF@box=\box66
\WF@everypar=\toks34
Package: wrapfig 2003/01/31  v 3.6
)
(C:\Users\seek1477\AppData\Local\Programs\MiKTeX\tex/latex/colortbl\colortbl.st
y
Package: colortbl 2024/07/06 v1.0i Color table columns (DPC)
\everycr=\toks35
\minrowclearance=\skip82
\rownum=\count313
)
(C:\Users\seek1477\AppData\Local\Programs\MiKTeX\tex/latex/pdflscape\pdflscape.
sty
Package: pdflscape 2022-10-27 v0.13 Display of landscape pages in PDF

(C:\Users\seek1477\AppData\Local\Programs\MiKTeX\tex/latex/pdflscape\pdflscape-
nometadata.sty
Package: pdflscape-nometadata 2022-10-28 v0.13 Display of landscape pages in PD
F (HO)
(C:\Users\seek1477\AppData\Local\Programs\MiKTeX\tex/latex/graphics\lscape.sty
Package: lscape 2020/05/28 v3.02 Landscape Pages (DPC)
)
Package pdflscape Info: Auto-detected driver: pdftex on input line 81.
)) (C:\Users\seek1477\AppData\Local\Programs\MiKTeX\tex/latex/tabu\tabu.sty
Package: tabu 2019/01/11 v2.9 - flexible LaTeX tabulars (FC+tabu-fixed)

(C:\Users\seek1477\AppData\Local\Programs\MiKTeX\tex/latex/varwidth\varwidth.st
y
Package: varwidth 2009/03/30 ver 0.92;  Variable-width minipages
\@vwid@box=\box67
\sift@deathcycles=\count314
\@vwid@loff=\dimen189
\@vwid@roff=\dimen190
)
\c@taburow=\count315
\tabu@nbcols=\count316
\tabu@cnt=\count317
\tabu@Xcol=\count318
\tabu@alloc=\count319
\tabu@nested=\count320
\tabu@target=\dimen191
\tabu@spreadtarget=\dimen192
\tabu@naturalX=\dimen193
\tabucolX=\dimen194
\tabu@Xsum=\dimen195
\extrarowdepth=\dimen196
\abovetabulinesep=\dimen197
\belowtabulinesep=\dimen198
\tabustrutrule=\dimen199
\tabu@thebody=\toks36
\tabu@footnotes=\toks37
\tabu@box=\box68
\tabu@arstrutbox=\box69
\tabu@hleads=\box70
\tabu@vleads=\box71
\tabu@cellskip=\skip83
)
(C:\Users\seek1477\AppData\Local\Programs\MiKTeX\tex/latex/threeparttable\three
parttable.sty
Package: threeparttable 2003/06/13  v 3.0
\@tempboxb=\box72
)
(C:\Users\seek1477\AppData\Local\Programs\MiKTeX\tex/latex/threeparttablex\thre
eparttablex.sty
Package: threeparttablex 2013/07/23 v0.3 by daleif
(C:\Users\seek1477\AppData\Local\Programs\MiKTeX\tex/latex/environ\environ.sty
Package: environ 2014/05/04 v0.3 A new way to define environments

(C:\Users\seek1477\AppData\Local\Programs\MiKTeX\tex/latex/trimspaces\trimspace
s.sty
Package: trimspaces 2009/09/17 v1.1 Trim spaces around a token list
))
\TPTL@width=\skip84
) (C:\Users\seek1477\AppData\Local\Programs\MiKTeX\tex/latex/ulem\ulem.sty
\UL@box=\box73
\UL@hyphenbox=\box74
\UL@skip=\skip85
\UL@hook=\toks38
\UL@height=\dimen256
\UL@pe=\count321
\UL@pixel=\dimen257
\ULC@box=\box75
Package: ulem 2019/11/18
\ULdepth=\dimen258
)
(C:\Users\seek1477\AppData\Local\Programs\MiKTeX\tex/latex/makecell\makecell.st
y
Package: makecell 2009/08/03 V0.1e Managing of Tab Column Heads and Cells
\rotheadsize=\dimen259
\c@nlinenum=\count322
\TeXr@lab=\toks39
)
(C:\Users\seek1477\AppData\Local\Programs\MiKTeX\tex/latex/bookmark\bookmark.st
y
Package: bookmark 2023-12-10 v1.31 PDF bookmarks (HO)

(C:\Users\seek1477\AppData\Local\Programs\MiKTeX\tex/latex/hyperref\hyperref.st
y
Package: hyperref 2024-11-05 v7.01l Hypertext links for LaTeX

(C:\Users\seek1477\AppData\Local\Programs\MiKTeX\tex/generic/kvdefinekeys\kvdef
inekeys.sty
Package: kvdefinekeys 2019-12-19 v1.6 Define keys (HO)
)
(C:\Users\seek1477\AppData\Local\Programs\MiKTeX\tex/generic/pdfescape\pdfescap
e.sty
Package: pdfescape 2019/12/09 v1.15 Implements pdfTeX's escape features (HO)

(C:\Users\seek1477\AppData\Local\Programs\MiKTeX\tex/generic/pdftexcmds\pdftexc
mds.sty
Package: pdftexcmds 2020-06-27 v0.33 Utility functions of pdfTeX for LuaTeX (HO
)

(C:\Users\seek1477\AppData\Local\Programs\MiKTeX\tex/generic/infwarerr\infwarer
r.sty
Package: infwarerr 2019/12/03 v1.5 Providing info/warning/error messages (HO)
)
Package pdftexcmds Info: \pdf@primitive is available.
Package pdftexcmds Info: \pdf@ifprimitive is available.
Package pdftexcmds Info: \pdfdraftmode found.
)) (C:\Users\seek1477\AppData\Local\Programs\MiKTeX\tex/latex/hycolor\hycolor.s
ty
Package: hycolor 2020-01-27 v1.10 Color options for hyperref/bookmark (HO)
)
(C:\Users\seek1477\AppData\Local\Programs\MiKTeX\tex/latex/hyperref\nameref.sty
Package: nameref 2023-11-26 v2.56 Cross-referencing by name of section

(C:\Users\seek1477\AppData\Local\Programs\MiKTeX\tex/latex/refcount\refcount.st
y
Package: refcount 2019/12/15 v3.6 Data extraction from label references (HO)
)
(C:\Users\seek1477\AppData\Local\Programs\MiKTeX\tex/generic/gettitlestring\get
titlestring.sty
Package: gettitlestring 2019/12/15 v1.6 Cleanup title references (HO)
)
\c@section@level=\count323
)
(C:\Users\seek1477\AppData\Local\Programs\MiKTeX\tex/generic/stringenc\stringen
c.sty
Package: stringenc 2019/11/29 v1.12 Convert strings between diff. encodings (HO
)
)
\@linkdim=\dimen260
\Hy@linkcounter=\count324
\Hy@pagecounter=\count325
(C:\Users\seek1477\AppData\Local\Programs\MiKTeX\tex/latex/hyperref\pd1enc.def
File: pd1enc.def 2024-11-05 v7.01l Hyperref: PDFDocEncoding definition (HO)
Now handling font encoding PD1 ...
... no UTF-8 mapping file for font encoding PD1
)
(C:\Users\seek1477\AppData\Local\Programs\MiKTeX\tex/generic/intcalc\intcalc.st
y
Package: intcalc 2019/12/15 v1.3 Expandable calculations with integers (HO)
)
\Hy@SavedSpaceFactor=\count326
(C:\Users\seek1477\AppData\Local\Programs\MiKTeX\tex/latex/hyperref\puenc.def
File: puenc.def 2024-11-05 v7.01l Hyperref: PDF Unicode definition (HO)
Now handling font encoding PU ...
... no UTF-8 mapping file for font encoding PU
)
Package hyperref Info: Option `unicode' set `true' on input line 4040.
Package hyperref Info: Hyper figures OFF on input line 4157.
Package hyperref Info: Link nesting OFF on input line 4162.
Package hyperref Info: Hyper index ON on input line 4165.
Package hyperref Info: Plain pages OFF on input line 4172.
Package hyperref Info: Backreferencing OFF on input line 4177.
Package hyperref Info: Implicit mode ON; LaTeX internals redefined.
Package hyperref Info: Bookmarks ON on input line 4424.
\c@Hy@tempcnt=\count327
(C:\Users\seek1477\AppData\Local\Programs\MiKTeX\tex/latex/url\url.sty
\Urlmuskip=\muskip18
Package: url 2013/09/16  ver 3.4  Verb mode for urls, etc.
)
LaTeX Info: Redefining \url on input line 4763.
\XeTeXLinkMargin=\dimen261
(C:\Users\seek1477\AppData\Local\Programs\MiKTeX\tex/generic/bitset\bitset.sty
Package: bitset 2019/12/09 v1.3 Handle bit-vector datatype (HO)

(C:\Users\seek1477\AppData\Local\Programs\MiKTeX\tex/generic/bigintcalc\bigintc
alc.sty
Package: bigintcalc 2019/12/15 v1.5 Expandable calculations on big integers (HO
)
))
\Fld@menulength=\count328
\Field@Width=\dimen262
\Fld@charsize=\dimen263
Package hyperref Info: Hyper figures OFF on input line 6042.
Package hyperref Info: Link nesting OFF on input line 6047.
Package hyperref Info: Hyper index ON on input line 6050.
Package hyperref Info: backreferencing OFF on input line 6057.
Package hyperref Info: Link coloring OFF on input line 6062.
Package hyperref Info: Link coloring with OCG OFF on input line 6067.
Package hyperref Info: PDF/A mode OFF on input line 6072.

(C:\Users\seek1477\AppData\Local\Programs\MiKTeX\tex/latex/base\atbegshi-ltx.st
y
Package: atbegshi-ltx 2021/01/10 v1.0c Emulation of the original atbegshi
package with kernel methods
)
\Hy@abspage=\count329
\c@Item=\count330
\c@Hfootnote=\count331
)
Package hyperref Info: Driver (autodetected): hpdftex.

(C:\Users\seek1477\AppData\Local\Programs\MiKTeX\tex/latex/hyperref\hpdftex.def
File: hpdftex.def 2024-11-05 v7.01l Hyperref driver for pdfTeX

(C:\Users\seek1477\AppData\Local\Programs\MiKTeX\tex/latex/base\atveryend-ltx.s
ty
Package: atveryend-ltx 2020/08/19 v1.0a Emulation of the original atveryend pac
kage
with kernel methods
)
\Fld@listcount=\count332
\c@bookmark@seq@number=\count333

(C:\Users\seek1477\AppData\Local\Programs\MiKTeX\tex/latex/rerunfilecheck\rerun
filecheck.sty
Package: rerunfilecheck 2022-07-10 v1.10 Rerun checks for auxiliary files (HO)

(C:\Users\seek1477\AppData\Local\Programs\MiKTeX\tex/generic/uniquecounter\uniq
uecounter.sty
Package: uniquecounter 2019/12/15 v1.4 Provide unlimited unique counter (HO)
)
Package uniquecounter Info: New unique counter `rerunfilecheck' on input line 2
85.
)
\Hy@SectionHShift=\skip86
)
(C:\Users\seek1477\AppData\Local\Programs\MiKTeX\tex/latex/bookmark\bkm-pdftex.
def
File: bkm-pdftex.def 2023-12-10 v1.31 bookmark driver for pdfTeX and luaTeX (HO
)
\BKM@id=\count334
)) (C:\Users\seek1477\AppData\Local\Programs\MiKTeX\tex/latex/xurl\xurl.sty
Package: xurl 2022/01/09 v 0.10 modify URL breaks
)
LaTeX Font Info:    Trying to load font information for T1+lmr on input line 14
4.
(C:\Users\seek1477\AppData\Local\Programs\MiKTeX\tex/latex/lm\t1lmr.fd
File: t1lmr.fd 2015/05/01 v1.6.1 Font defs for Latin Modern
)
(C:\Users\seek1477\AppData\Local\Programs\MiKTeX\tex/latex/l3backend\l3backend-
pdftex.def
File: l3backend-pdftex.def 2025-04-14 L3 backend support: PDF output (pdfTeX)
\l__color_backend_stack_int=\count335
) (report_2019_2024.aux

LaTeX Warning: Label `tab:spp-cnts-date' multiply defined.


LaTeX Warning: Label `tab:spp-cnts-date' multiply defined.

)
\openout1 = `report_2019_2024.aux'.

LaTeX Font Info:    Checking defaults for OML/cmm/m/it on input line 144.
LaTeX Font Info:    ... okay on input line 144.
LaTeX Font Info:    Checking defaults for OMS/cmsy/m/n on input line 144.
LaTeX Font Info:    ... okay on input line 144.
LaTeX Font Info:    Checking defaults for OT1/cmr/m/n on input line 144.
LaTeX Font Info:    ... okay on input line 144.
LaTeX Font Info:    Checking defaults for T1/cmr/m/n on input line 144.
LaTeX Font Info:    ... okay on input line 144.
LaTeX Font Info:    Checking defaults for TS1/cmr/m/n on input line 144.
LaTeX Font Info:    ... okay on input line 144.
LaTeX Font Info:    Checking defaults for OMX/cmex/m/n on input line 144.
LaTeX Font Info:    ... okay on input line 144.
LaTeX Font Info:    Checking defaults for U/cmr/m/n on input line 144.
LaTeX Font Info:    ... okay on input line 144.
LaTeX Font Info:    Checking defaults for PD1/pdf/m/n on input line 144.
LaTeX Font Info:    ... okay on input line 144.
LaTeX Font Info:    Checking defaults for PU/pdf/m/n on input line 144.
LaTeX Font Info:    ... okay on input line 144.
Package microtype Info: Patching varwidth to enable character protrusion.
\MT@vwid@leftmargin=\dimen264
\MT@vwid@rightmargin=\dimen265
LaTeX Info: Redefining \microtypecontext on input line 144.
Package microtype Info: Applying patch `item' on input line 144.
Package microtype Info: Applying patch `toc' on input line 144.
Package microtype Info: Applying patch `eqnum' on input line 144.
Package microtype Info: Applying patch `footnote' on input line 144.
Package microtype Info: Applying patch `verbatim' on input line 144.
LaTeX Info: Redefining \microtypesetup on input line 144.
Package microtype Info: Generating PDF output.
Package microtype Info: Character protrusion enabled (level 2).
Package microtype Info: Using protrusion set `basicmath'.
Package microtype Info: Automatic font expansion enabled (level 2),
(microtype)             stretch: 20, shrink: 20, step: 1, non-selected.
Package microtype Info: Using default expansion set `alltext-nott'.
LaTeX Info: Redefining \showhyphens on input line 144.
Package microtype Info: No adjustment of tracking.
Package microtype Info: No adjustment of interword spacing.
Package microtype Info: No adjustment of character kerning.

(C:\Users\seek1477\AppData\Local\Programs\MiKTeX\tex/latex/microtype\mt-cmr.cfg
File: mt-cmr.cfg 2013/05/19 v2.2 microtype config. file: Computer Modern Roman 
(RS)
)
(C:\Users\seek1477\AppData\Local\Programs\MiKTeX\tex/context/base/mkii\supp-pdf
.mkii
[Loading MPS to PDF converter (version 2006.09.02).]
\scratchcounter=\count336
\scratchdimen=\dimen266
\scratchbox=\box76
\nofMPsegments=\count337
\nofMParguments=\count338
\everyMPshowfont=\toks40
\MPscratchCnt=\count339
\MPscratchDim=\dimen267
\MPnumerator=\count340
\makeMPintoPDFobject=\count341
\everyMPtoPDFconversion=\toks41
)
(C:\Users\seek1477\AppData\Local\Programs\MiKTeX\tex/latex/epstopdf-pkg\epstopd
f-base.sty
Package: epstopdf-base 2020-01-24 v2.11 Base part for package epstopdf
Package epstopdf-base Info: Redefining graphics rule for `.eps' on input line 4
85.

(C:\Users\seek1477\AppData\Local\Programs\MiKTeX\tex/latex/00miktex\epstopdf-sy
s.cfg
File: epstopdf-sys.cfg 2021/03/18 v2.0 Configuration of epstopdf for MiKTeX
))
*geometry* driver: auto-detecting
*geometry* detected driver: pdftex
*geometry* verbose mode - [ preamble ] result:
* driver: pdftex
* paper: <default>
* layout: <same size as paper>
* layoutoffset:(h,v)=(0.0pt,0.0pt)
* modes: 
* h-part:(L,W,R)=(72.26999pt, 469.75502pt, 72.26999pt)
* v-part:(T,H,B)=(72.26999pt, 650.43001pt, 72.26999pt)
* \paperwidth=614.295pt
* \paperheight=794.96999pt
* \textwidth=469.75502pt
* \textheight=650.43001pt
* \oddsidemargin=0.0pt
* \evensidemargin=0.0pt
* \topmargin=-37.0pt
* \headheight=40.45274pt
* \headsep=25.0pt
* \topskip=10.0pt
* \footskip=30.0pt
* \marginparwidth=65.0pt
* \marginparsep=11.0pt
* \columnsep=10.0pt
* \skip\footins=9.0pt plus 4.0pt minus 2.0pt
* \hoffset=0.0pt
* \voffset=0.0pt
* \mag=1000
* \@twocolumnfalse
* \@twosidefalse
* \@mparswitchfalse
* \@reversemarginfalse
* (1in=72.27pt=25.4mm, 1cm=28.453pt)

Package hyperref Info: Link coloring OFF on input line 144.
LaTeX Font Info:    Trying to load font information for OT1+lmr on input line 1
46.
(C:\Users\seek1477\AppData\Local\Programs\MiKTeX\tex/latex/lm\ot1lmr.fd
File: ot1lmr.fd 2015/05/01 v1.6.1 Font defs for Latin Modern
)
LaTeX Font Info:    Trying to load font information for OML+lmm on input line 1
46.
(C:\Users\seek1477\AppData\Local\Programs\MiKTeX\tex/latex/lm\omllmm.fd
File: omllmm.fd 2015/05/01 v1.6.1 Font defs for Latin Modern
)
LaTeX Font Info:    Trying to load font information for OMS+lmsy on input line 
146.
(C:\Users\seek1477\AppData\Local\Programs\MiKTeX\tex/latex/lm\omslmsy.fd
File: omslmsy.fd 2015/05/01 v1.6.1 Font defs for Latin Modern
)
LaTeX Font Info:    Trying to load font information for OMX+lmex on input line 
146.
(C:\Users\seek1477\AppData\Local\Programs\MiKTeX\tex/latex/lm\omxlmex.fd
File: omxlmex.fd 2015/05/01 v1.6.1 Font defs for Latin Modern
)
LaTeX Font Info:    External font `lmex10' loaded for size
(Font)              <12> on input line 146.
LaTeX Font Info:    External font `lmex10' loaded for size
(Font)              <8> on input line 146.
LaTeX Font Info:    External font `lmex10' loaded for size
(Font)              <6> on input line 146.
LaTeX Font Info:    Trying to load font information for U+msa on input line 146
.
(C:\Users\seek1477\AppData\Local\Programs\MiKTeX\tex/latex/amsfonts\umsa.fd
File: umsa.fd 2013/01/14 v3.01 AMS symbols A
)
(C:\Users\seek1477\AppData\Local\Programs\MiKTeX\tex/latex/microtype\mt-msa.cfg
File: mt-msa.cfg 2006/02/04 v1.1 microtype config. file: AMS symbols (a) (RS)
)
LaTeX Font Info:    Trying to load font information for U+msb on input line 146
.
(C:\Users\seek1477\AppData\Local\Programs\MiKTeX\tex/latex/amsfonts\umsb.fd
File: umsb.fd 2013/01/14 v3.01 AMS symbols B
)
(C:\Users\seek1477\AppData\Local\Programs\MiKTeX\tex/latex/microtype\mt-msb.cfg
File: mt-msb.cfg 2005/06/01 v1.0 microtype config. file: AMS symbols (b) (RS)
) (report_2019_2024.toc
LaTeX Font Info:    External font `lmex10' loaded for size
(Font)              <10> on input line 4.
LaTeX Font Info:    External font `lmex10' loaded for size
(Font)              <7> on input line 4.
LaTeX Font Info:    External font `lmex10' loaded for size
(Font)              <5> on input line 4.
)
\tf@toc=\write3
\openout3 = `report_2019_2024.toc'.



<../templates/wdfwlogo_clr.png, id=23, 693.59125pt x 441.65pt>
File: ../templates/wdfwlogo_clr.png Graphic file (type png)
<use ../templates/wdfwlogo_clr.png>
Package pdftex.def Info: ../templates/wdfwlogo_clr.png  used on input line 155.

(pdftex.def)             Requested size: 53.61517pt x 34.13991pt.
[1

{C:/Users/seek1477/AppData/Local/MiKTeX/fonts/map/pdftex/pdftex.map}{C:/Users/s
eek1477/AppData/Local/Programs/MiKTeX/fonts/enc/dvips/lm/lm-ec.enc} <../templat
es/wdfwlogo_clr.png>]

File: ../templates/wdfwlogo_clr.png Graphic file (type png)
<use ../templates/wdfwlogo_clr.png>
Package pdftex.def Info: ../templates/wdfwlogo_clr.png  used on input line 172.

(pdftex.def)             Requested size: 53.61517pt x 34.13991pt.
[2]
<../images/sonar_mapRKM.jpg, id=63, 433.62pt x 433.62pt>
File: ../images/sonar_mapRKM.jpg Graphic file (type jpg)
<use ../images/sonar_mapRKM.jpg>
Package pdftex.def Info: ../images/sonar_mapRKM.jpg  used on input line 187.
(pdftex.def)             Requested size: 422.80096pt x 422.80096pt.
<../images/site_map.png, id=67, 421.575pt x 401.24907pt>
File: ../images/site_map.png Graphic file (type png)
<use ../images/site_map.png>
Package pdftex.def Info: ../images/site_map.png  used on input line 200.
(pdftex.def)             Requested size: 328.8336pt x 312.97913pt.
<../images/setup_2018.jpg, id=68, 289.737pt x 217.1385pt>
File: ../images/setup_2018.jpg Graphic file (type jpg)
<use ../images/setup_2018.jpg>
Package pdftex.def Info: ../images/setup_2018.jpg  used on input line 209.
(pdftex.def)             Requested size: 289.74954pt x 217.1479pt.


File: ../templates/wdfwlogo_clr.png Graphic file (type png)
<use ../templates/wdfwlogo_clr.png>
Package pdftex.def Info: ../templates/wdfwlogo_clr.png  used on input line 218.

(pdftex.def)             Requested size: 53.61517pt x 34.13991pt.
[3]

File: ../templates/wdfwlogo_clr.png Graphic file (type png)
<use ../templates/wdfwlogo_clr.png>
Package pdftex.def Info: ../templates/wdfwlogo_clr.png  used on input line 218.

(pdftex.def)             Requested size: 53.61517pt x 34.13991pt.
[4 <../images/sonar_mapRKM.jpg>]

File: ../templates/wdfwlogo_clr.png Graphic file (type png)
<use ../templates/wdfwlogo_clr.png>
Package pdftex.def Info: ../templates/wdfwlogo_clr.png  used on input line 218.

(pdftex.def)             Requested size: 53.61517pt x 34.13991pt.
[5 <../images/site_map.png> <../images/setup_2018.jpg>]
<../images/setup_2019.jpg, id=88, 322.9155pt x 242.1045pt>
File: ../images/setup_2019.jpg Graphic file (type jpg)
<use ../images/setup_2019.jpg>
Package pdftex.def Info: ../images/setup_2019.jpg  used on input line 222.
(pdftex.def)             Requested size: 322.92455pt x 242.1113pt.
<../figures/op-fig-1.pdf, id=93, 505.89pt x 274.02374pt>
File: ../figures/op-fig-1.pdf Graphic file (type pdf)
<use ../figures/op-fig-1.pdf>
Package pdftex.def Info: ../figures/op-fig-1.pdf  used on input line 252.
(pdftex.def)             Requested size: 469.76265pt x 254.45477pt.
<../figures/review-fig-1.pdf, id=94, 505.89pt x 274.02374pt>
File: ../figures/review-fig-1.pdf Graphic file (type pdf)
<use ../figures/review-fig-1.pdf>
Package pdftex.def Info: ../figures/review-fig-1.pdf  used on input line 258.
(pdftex.def)             Requested size: 469.76265pt x 254.45477pt.


File: ../templates/wdfwlogo_clr.png Graphic file (type png)
<use ../templates/wdfwlogo_clr.png>
Package pdftex.def Info: ../templates/wdfwlogo_clr.png  used on input line 262.

(pdftex.def)             Requested size: 53.61517pt x 34.13991pt.
[6 <../images/setup_2019.jpg>]

File: ../templates/wdfwlogo_clr.png Graphic file (type png)
<use ../templates/wdfwlogo_clr.png>
Package pdftex.def Info: ../templates/wdfwlogo_clr.png  used on input line 262.

(pdftex.def)             Requested size: 53.61517pt x 34.13991pt.
[7 <../figures/op-fig-1.pdf> <../figures/review-fig-1.pdf>]
LaTeX Font Info:    Trying to load font information for TS1+lmr on input line 2
96.
(C:\Users\seek1477\AppData\Local\Programs\MiKTeX\tex/latex/lm\ts1lmr.fd
File: ts1lmr.fd 2015/05/01 v1.6.1 Font defs for Latin Modern
)

File: ../templates/wdfwlogo_clr.png Graphic file (type png)
<use ../templates/wdfwlogo_clr.png>
Package pdftex.def Info: ../templates/wdfwlogo_clr.png  used on input line 314.

(pdftex.def)             Requested size: 53.61517pt x 34.13991pt.
[8{C:/Users/seek1477/AppData/Local/Programs/MiKTeX/fonts/enc/dvips/lm/lm-ts1.en
c}{C:/Users/seek1477/AppData/Local/Programs/MiKTeX/fonts/enc/dvips/lm/lm-mathsy
.enc}]

File: ../templates/wdfwlogo_clr.png Graphic file (type png)
<use ../templates/wdfwlogo_clr.png>
Package pdftex.def Info: ../templates/wdfwlogo_clr.png  used on input line 350.

(pdftex.def)             Requested size: 53.61517pt x 34.13991pt.
[9]

File: ../templates/wdfwlogo_clr.png Graphic file (type png)
<use ../templates/wdfwlogo_clr.png>
Package pdftex.def Info: ../templates/wdfwlogo_clr.png  used on input line 374.

(pdftex.def)             Requested size: 53.61517pt x 34.13991pt.
[10]

LaTeX Warning: Float too large for page by 31.30247pt on input line 467.


LaTeX Warning: `!h' float specifier changed to `!ht'.


LaTeX Warning: `!h' float specifier changed to `!ht'.

<../figures/cv-lgth-hist-1.pdf, id=141, 433.62pt x 361.35pt>
File: ../figures/cv-lgth-hist-1.pdf Graphic file (type pdf)
<use ../figures/cv-lgth-hist-1.pdf>
Package pdftex.def Info: ../figures/cv-lgth-hist-1.pdf  used on input line 539.

(pdftex.def)             Requested size: 433.61894pt x 361.34912pt.


File: ../templates/wdfwlogo_clr.png Graphic file (type png)
<use ../templates/wdfwlogo_clr.png>
Package pdftex.def Info: ../templates/wdfwlogo_clr.png  used on input line 544.

(pdftex.def)             Requested size: 53.61517pt x 34.13991pt.
[11 <../figures/cv-lgth-hist-1.pdf>]
<../figures/lgth-comp-fig-1.pdf, id=158, 433.62pt x 361.35pt>
File: ../figures/lgth-comp-fig-1.pdf Graphic file (type pdf)
<use ../figures/lgth-comp-fig-1.pdf>
Package pdftex.def Info: ../figures/lgth-comp-fig-1.pdf  used on input line 549
.
(pdftex.def)             Requested size: 433.61894pt x 361.34912pt.

LaTeX Warning: `!h' float specifier changed to `!ht'.



File: ../templates/wdfwlogo_clr.png Graphic file (type png)
<use ../templates/wdfwlogo_clr.png>
Package pdftex.def Info: ../templates/wdfwlogo_clr.png  used on input line 582.

(pdftex.def)             Requested size: 53.61517pt x 34.13991pt.
[12 <../figures/lgth-comp-fig-1.pdf>]

File: ../templates/wdfwlogo_clr.png Graphic file (type png)
<use ../templates/wdfwlogo_clr.png>
Package pdftex.def Info: ../templates/wdfwlogo_clr.png  used on input line 582.

(pdftex.def)             Requested size: 53.61517pt x 34.13991pt.
[13]

File: ../templates/wdfwlogo_clr.png Graphic file (type png)
<use ../templates/wdfwlogo_clr.png>
Package pdftex.def Info: ../templates/wdfwlogo_clr.png  used on input line 582.

(pdftex.def)             Requested size: 53.61517pt x 34.13991pt.
[14]

File: ../templates/wdfwlogo_clr.png Graphic file (type png)
<use ../templates/wdfwlogo_clr.png>
Package pdftex.def Info: ../templates/wdfwlogo_clr.png  used on input line 582.

(pdftex.def)             Requested size: 53.61517pt x 34.13991pt.
[15]
File: ../templates/wdfwlogo_clr.png Graphic file (type png)
<use ../templates/wdfwlogo_clr.png>
Package pdftex.def Info: ../templates/wdfwlogo_clr.png  used on input line 732.

(pdftex.def)             Requested size: 53.61517pt x 34.13991pt.
[16

]
File: ../templates/wdfwlogo_clr.png Graphic file (type png)
<use ../templates/wdfwlogo_clr.png>
Package pdftex.def Info: ../templates/wdfwlogo_clr.png  used on input line 732.

(pdftex.def)             Requested size: 53.61517pt x 34.13991pt.
[17]
<../figures/fl-hist-1.pdf, id=197, 433.62pt x 289.08pt>
File: ../figures/fl-hist-1.pdf Graphic file (type pdf)
<use ../figures/fl-hist-1.pdf>
Package pdftex.def Info: ../figures/fl-hist-1.pdf  used on input line 736.
(pdftex.def)             Requested size: 433.63878pt x 289.09251pt.


File: ../templates/wdfwlogo_clr.png Graphic file (type png)
<use ../templates/wdfwlogo_clr.png>
Package pdftex.def Info: ../templates/wdfwlogo_clr.png  used on input line 743.

(pdftex.def)             Requested size: 53.61517pt x 34.13991pt.
[18 <../figures/fl-hist-1.pdf>]
<../figures/spp-pred-1.pdf, id=209, 433.62pt x 433.62pt>
File: ../figures/spp-pred-1.pdf Graphic file (type pdf)
<use ../figures/spp-pred-1.pdf>
Package pdftex.def Info: ../figures/spp-pred-1.pdf  used on input line 746.
(pdftex.def)             Requested size: 433.63878pt x 433.63878pt.


File: ../templates/wdfwlogo_clr.png Graphic file (type png)
<use ../templates/wdfwlogo_clr.png>
Package pdftex.def Info: ../templates/wdfwlogo_clr.png  used on input line 788.

(pdftex.def)             Requested size: 53.61517pt x 34.13991pt.
[19 <../figures/spp-pred-1.pdf>]

LaTeX Warning: `!h' float specifier changed to `!ht'.

<../figures/up-marg-1.pdf, id=229, 433.62pt x 433.62pt>
File: ../figures/up-marg-1.pdf Graphic file (type pdf)
<use ../figures/up-marg-1.pdf>
Package pdftex.def Info: ../figures/up-marg-1.pdf  used on input line 835.
(pdftex.def)             Requested size: 433.63878pt x 433.63878pt.
<../figures/down-marg-1.pdf, id=230, 433.62pt x 433.62pt>
File: ../figures/down-marg-1.pdf Graphic file (type pdf)
<use ../figures/down-marg-1.pdf>
Package pdftex.def Info: ../figures/down-marg-1.pdf  used on input line 841.
(pdftex.def)             Requested size: 433.63878pt x 433.63878pt.


File: ../templates/wdfwlogo_clr.png Graphic file (type png)
<use ../templates/wdfwlogo_clr.png>
Package pdftex.def Info: ../templates/wdfwlogo_clr.png  used on input line 845.

(pdftex.def)             Requested size: 53.61517pt x 34.13991pt.
[20]

File: ../templates/wdfwlogo_clr.png Graphic file (type png)
<use ../templates/wdfwlogo_clr.png>
Package pdftex.def Info: ../templates/wdfwlogo_clr.png  used on input line 845.

(pdftex.def)             Requested size: 53.61517pt x 34.13991pt.
[21 <../figures/up-marg-1.pdf>]

File: ../templates/wdfwlogo_clr.png Graphic file (type png)
<use ../templates/wdfwlogo_clr.png>
Package pdftex.def Info: ../templates/wdfwlogo_clr.png  used on input line 845.

(pdftex.def)             Requested size: 53.61517pt x 34.13991pt.
[22 <../figures/down-marg-1.pdf>]
<../figures/redd-fig-1.pdf, id=266, 433.62pt x 361.35pt>
File: ../figures/redd-fig-1.pdf Graphic file (type pdf)
<use ../figures/redd-fig-1.pdf>
Package pdftex.def Info: ../figures/redd-fig-1.pdf  used on input line 873.
(pdftex.def)             Requested size: 433.61894pt x 361.34912pt.


File: ../templates/wdfwlogo_clr.png Graphic file (type png)
<use ../templates/wdfwlogo_clr.png>
Package pdftex.def Info: ../templates/wdfwlogo_clr.png  used on input line 877.

(pdftex.def)             Requested size: 53.61517pt x 34.13991pt.
[23]

File: ../templates/wdfwlogo_clr.png Graphic file (type png)
<use ../templates/wdfwlogo_clr.png>
Package pdftex.def Info: ../templates/wdfwlogo_clr.png  used on input line 877.

(pdftex.def)             Requested size: 53.61517pt x 34.13991pt.
[24 <../figures/redd-fig-1.pdf>]

File: ../templates/wdfwlogo_clr.png Graphic file (type png)
<use ../templates/wdfwlogo_clr.png>
Package pdftex.def Info: ../templates/wdfwlogo_clr.png  used on input line 893.

(pdftex.def)             Requested size: 53.61517pt x 34.13991pt.
[25]

File: ../templates/wdfwlogo_clr.png Graphic file (type png)
<use ../templates/wdfwlogo_clr.png>
Package pdftex.def Info: ../templates/wdfwlogo_clr.png  used on input line 904.

(pdftex.def)             Requested size: 53.61517pt x 34.13991pt.
[26]

File: ../templates/wdfwlogo_clr.png Graphic file (type png)
<use ../templates/wdfwlogo_clr.png>
Package pdftex.def Info: ../templates/wdfwlogo_clr.png  used on input line 937.

(pdftex.def)             Requested size: 53.61517pt x 34.13991pt.
[27] (report_2019_2024.aux)
 ***********
LaTeX2e <2024-11-01> patch level 2
L3 programming layer <2025-04-14>
 ***********

LaTeX Warning: There were multiply-defined labels.

 ) 
Here is how much of TeX's memory you used:
 16075 strings out of 469941
 259122 string characters out of 5467978
 811756 words of memory out of 5000000
 42377 multiletter control sequences out of 15000+600000
 689634 words of font info for 155 fonts, out of 8000000 for 9000
 1141 hyphenation exceptions out of 8191
 83i,16n,93p,1991b,610s stack positions out of 10000i,1000n,20000p,200000b,200000s
<C:/Users/seek1477/AppData/Local/Programs/MiKTeX/fonts/type1/public/lm/lmbx10
.pfb><C:/Users/seek1477/AppData/Local/Programs/MiKTeX/fonts/type1/public/lm/lmb
x12.pfb><C:/Users/seek1477/AppData/Local/Programs/MiKTeX/fonts/type1/public/lm/
lmr10.pfb><C:/Users/seek1477/AppData/Local/Programs/MiKTeX/fonts/type1/public/l
m/lmr12.pfb><C:/Users/seek1477/AppData/Local/Programs/MiKTeX/fonts/type1/public
/lm/lmr17.pfb><C:/Users/seek1477/AppData/Local/Programs/MiKTeX/fonts/type1/publ
ic/lm/lmr7.pfb><C:/Users/seek1477/AppData/Local/Programs/MiKTeX/fonts/type1/pub
lic/lm/lmr8.pfb><C:/Users/seek1477/AppData/Local/Programs/MiKTeX/fonts/type1/pu
blic/lm/lmri10.pfb><C:/Users/seek1477/AppData/Local/Programs/MiKTeX/fonts/type1
/public/lm/lmsy10.pfb>
Output written on report_2019_2024.pdf (27 pages, 3154175 bytes).
PDF statistics:
 430 PDF objects out of 1000 (max. 8388607)
 78 named destinations out of 1000 (max. 500000)
 35031 words of extra memory for PDF output out of 35830 (max. 10000000)

